
> weather-intelligence-frontend@1.0.0 dev
> vite


  VITE v8.2.1  ready in 427 ms

  ➜  Local:   http://localhost:5173/
  ➜  Network: use --host to expose
8:31:51 pm [vite] (client) hmr update /src/styles/globals.css
8:31:58 pm [vite] (client) hmr update /src/styles/globals.css
8:32:25 pm [vite] (client) hmr update /src/styles/globals.css
8:32:31 pm [vite] (client) hmr update /src/styles/globals.css
8:32:36 pm [vite] (client) hmr update /src/styles/globals.css
8:32:43 pm [vite] (client) hmr update /src/styles/globals.css
8:32:50 pm [vite] (client) hmr update /src/styles/globals.css
8:32:56 pm [vite] (client) hmr update /src/styles/globals.css, /src/components/ui/button.tsx
8:33:01 pm [vite] (client) hmr update /src/styles/globals.css, /src/features/chat/components/MessageBubble.tsx
8:33:05 pm [vite] (client) hmr update /src/styles/globals.css, /src/features/chat/components/MessageBubble.tsx
8:33:16 pm [vite] (client) hmr update /src/styles/globals.css, /src/features/chat/components/TypingIndicator.tsx
8:33:31 pm [vite] (client) hmr update /src/styles/globals.css
8:33:38 pm [vite] (client) hmr update /src/styles/globals.css
8:33:42 pm [vite] (client) hmr update /src/styles/globals.css
8:33:46 pm [vite] (client) hmr update /src/styles/globals.css
8:33:56 pm [vite] (client) hmr update /src/styles/globals.css, /src/features/chat/components/TripIdentityHeader.tsx
8:34:00 pm [vite] (client) hmr update /src/styles/globals.css, /src/features/chat/components/TripIdentityHeader.tsx
8:34:08 pm [vite] (client) hmr update /src/styles/globals.css
8:34:12 pm [vite] (client) hmr update /src/styles/globals.css
8:40:19 pm [vite] (client) hmr update /src/styles/globals.css, /src/context/ThemeProvider.tsx
8:40:24 pm [vite] (client) page reload index.html
8:40:29 pm [vite] (client) hmr update /src/styles/globals.css, /src/context/ThemeProvider.tsx
8:41:37 pm [vite] (client) hmr update /src/styles/globals.css
8:41:49 pm [vite] (client) hmr update /src/styles/globals.css
8:42:04 pm [vite] (client) hmr update /src/styles/globals.css, /src/components/ui/button.tsx
9:06:14 pm [vite] (client) hmr update /src/styles/globals.css, /src/features/chat/components/MessageBubble.tsx
9:06:15 pm [vite] (client) [optimizer] bundling dependencies...
9:06:26 pm [vite] (client) dependencies optimized: react-markdown, remark-gfm
9:06:26 pm [vite] (client) optimized dependencies changed. reloading
9:07:03 pm [vite] (client) hmr update /src/styles/globals.css, /src/features/chat/components/PlaceList.tsx
9:07:17 pm [vite] (client) hmr update /src/styles/globals.css, /src/features/chat/components/PlaceList.tsx
9:07:27 pm [vite] (client) hmr update /src/styles/globals.css, /src/features/chat/components/PlaceList.tsx
9:07:33 pm [vite] (client) hmr update /src/styles/globals.css
9:07:41 pm [vite] (client) hmr update /src/styles/globals.css
9:07:47 pm [vite] (client) hmr update /src/styles/globals.css
9:08:59 pm [vite] (client) hmr update /src/styles/globals.css, /src/features/chat/components/PlaceList.tsx
9:08:59 pm [vite] (client) hmr update /src/styles/globals.css, /src/features/chat/components/MessageBubble.tsx
